 
 gcc -g p3final.c -lm
 ./a.out
enter a number
5
number is prime
 gdb a.out
GNU gdb (Ubuntu 8.1.1-0ubuntu1) 8.1.1
Copyright (C) 2018 Free Software Foundation, Inc.
License GPLv3+: GNU GPL version 3 or later <http://gnu.org/licenses/gpl.html>
This is free software: you are free to change and redistribute it.
There is NO WARRANTY, to the extent permitted by law.  Type "show copying"
and "show warranty" for details.
This GDB was configured as "x86_64-linux-gnu".
Type "show configuration" for configuration details.
For bug reporting instructions, please see:
<http://www.gnu.org/software/gdb/bugs/>.
Find the GDB manual and other documentation resources online at:
<http://www.gnu.org/software/gdb/documentation/>.
For help, type "help".
Type "apropos word" to search for commands related to "word"...
Reading symbols from a.out...done.
(gdb) b main
Breakpoint 1 at 0x862: file p3final.c, line 30.
(gdb) r
Starting program: /home/runner/Test2Session2-3/a.out 
warning: Error disabling address space randomization: Operation not permitted

Breakpoint 1, main () at p3final.c:30
30    n=input_number();
(gdb) s
input_number () at p3final.c:4
4   {
(gdb) n
6     printf("enter a number\n");
(gdb) n
enter a number
7     scanf("%d",&n);
(gdb) n
5
8     return n;
(gdb) n
9   }
(gdb) n
main () at p3final.c:31
31    int isp=is_prime(n);
(gdb) s
is_prime (n=5) at p3final.c:12
12    for(int i=2;i<=sqrt(n);i++)
(gdb) n
14        if(n%i==0)
(gdb) n
17          return 1;
(gdb) n
19  }
(gdb) n
main () at p3final.c:32
32    output(n,isp);
(gdb) p n
$1 = 5
(gdb) s
output (n=5, isp=1) at p3final.c:22
22    if(isp==0)
(gdb) n
25      printf("number is prime\n");
(gdb) n
number is prime
26  }
(gdb) n
main () at p3final.c:33
33    return 0;
(gdb) p isp
$2 = 1
(gdb) n
35  }
(gdb) n
__libc_start_main (main=0x5627fba0085a <main>, argc=1, argv=0x7ffcb506d2a8, 
    init=<optimized out>, fini=<optimized out>, rtld_fini=<optimized out>, 
    stack_end=0x7ffcb506d298) at ../csu/libc-start.c:344
344 ../csu/libc-start.c: No such file or directory.
(gdb) c
Continuing.
[Inferior 1 (process 1966) exited normally]
(gdb) 
